
*** tstart() called on mackaroo
*** at Fri Jul 31 17:25:36 2020

   => Loading Basis Set <=

    Name: STO-3G
    Role: ORBITAL
    Keyword: BASIS
    atoms 1-2 entry H          line    19 file /Users/j2c/anaconda/envs/OpenFermion-py37/share/psi4/basis/sto-3g.gbs 


         ---------------------------------------------------------
                                   SCF
               by Justin Turney, Rob Parrish, Andy Simmonett
                          and Daniel G. A. Smith
                              RHF Reference
                        1 Threads,    500 MiB Core
         ---------------------------------------------------------

  ==> Geometry <==

    Molecular point group: c1
    Full point group: D_inf_h

    Geometry (in Angstrom), charge = 0, multiplicity = 1:

       Center              X                  Y                   Z               Mass       
    ------------   -----------------  -----------------  -----------------  -----------------
         H            0.000000000000     0.000000000000    -0.373700000000     1.007825032230
         H            0.000000000000     0.000000000000     0.373700000000     1.007825032230

  Running in c1 symmetry.

  Rotational constants: A = ************  B =     59.88736  C =     59.88736 [cm^-1]
  Rotational constants: A = ************  B = 1795377.86645  C = 1795377.86645 [MHz]
  Nuclear repulsion =    0.708024097765588

  Charge       = 0
  Multiplicity = 1
  Electrons    = 2
  Nalpha       = 1
  Nbeta        = 1

  ==> Algorithm <==

  SCF Algorithm Type is PK.
  DIIS enabled.
  MOM disabled.
  Fractional occupation disabled.
  Guess Type is SAD.
  Energy threshold   = 1.00e-08
  Density threshold  = 1.00e-08
  Integral threshold = 0.00e+00

  ==> Primary Basis <==

  Basis Set: STO-3G
    Blend: STO-3G
    Number of shells: 2
    Number of basis function: 2
    Number of Cartesian functions: 2
    Spherical Harmonics?: true
    Max angular momentum: 0

  ==> Pre-Iterations <==

   -------------------------------------------------------
    Irrep   Nso     Nmo     Nalpha   Nbeta   Ndocc  Nsocc
   -------------------------------------------------------
     A          2       2       0       0       0       0
   -------------------------------------------------------
    Total       2       2       1       1       1       0
   -------------------------------------------------------

  ==> Integral Setup <==

  Using in-core PK algorithm.
   Calculation information:
      Number of atoms:                   2
      Number of AO shells:               2
      Number of primitives:              6
      Number of atomic orbitals:         2
      Number of basis functions:         2

      Integral cutoff                 1.00e-12
      Number of threads:                 1

  Performing in-core PK
  Using 12 doubles for integral storage.
  We computed 6 shell quartets total.
  Whereas there are 6 unique shell quartets.

  ==> DiskJK: Disk-Based J/K Matrices <==

    J tasked:                  Yes
    K tasked:                  Yes
    wK tasked:                  No
    Memory [MiB]:              375
    Schwarz Cutoff:          1E-12

    OpenMP threads:              1

  Minimum eigenvalue in the overlap matrix is 3.4496680357E-01.
  Using Symmetric Orthogonalization.

  SCF Guess: Superposition of Atomic Densities via on-the-fly atomic UHF.

  ==> Iterations <==

                        Total Energy        Delta E     RMS |[F,P]|

   @RHF iter SAD:    -0.71616892688555   -7.16169e-01   0.00000e+00 
   @RHF iter   1:    -1.11632556446324   -4.00157e-01   0.00000e+00 DIIS
   @RHF iter   2:    -1.11632556446324    0.00000e+00   0.00000e+00 DIIS
  Energy and wave function converged.


  ==> Post-Iterations <==

    Orbital Energies [Eh]
    ---------------------

    Doubly Occupied:                                                      

       1A     -0.575503  

    Virtual:                                                              

       2A      0.663551  

    Final Occupation by Irrep:
              A 
    DOCC [     1 ]

  @RHF Final Energy:    -1.11632556446324

   => Energetics <=

    Nuclear Repulsion Energy =              0.7080240977655875
    One-Electron Energy =                  -2.4976936071679474
    Two-Electron Energy =                   0.6733439449391169
    Total Energy =                         -1.1163255644632430

Computation Completed


Properties will be evaluated at   0.000000,   0.000000,   0.000000 [a0]

Properties computed using the SCF density matrix

  Nuclear Dipole Moment: [e a0]
     X:     0.0000      Y:     0.0000      Z:     0.0000

  Electronic Dipole Moment: [e a0]
     X:     0.0000      Y:     0.0000      Z:     0.0000

  Dipole Moment: [e a0]
     X:     0.0000      Y:     0.0000      Z:     0.0000     Total:     0.0000

  Dipole Moment: [D]
     X:     0.0000      Y:     0.0000      Z:     0.0000     Total:     0.0000


*** tstop() called on mackaroo at Fri Jul 31 17:25:36 2020
Module time:
	user time   =       0.17 seconds =       0.00 minutes
	system time =       0.01 seconds =       0.00 minutes
	total time  =          0 seconds =       0.00 minutes
Total time:
	user time   =       0.17 seconds =       0.00 minutes
	system time =       0.01 seconds =       0.00 minutes
	total time  =          0 seconds =       0.00 minutes
E(SCF): -1.116325564463243 <psi4.core.RHF object at 0x1a2d6b44d0>

Alpha orbital energies:  [-0.57550286  0.66355144]
Beta  orbital energies:  [-0.57550286  0.66355144]

N-alpha-electrons:  1 
N-beta--electrons:  1 

Alpha occupations:  [1. 0.]
Beta  occupations:  [1. 0.]

Nuclear repulsion: 0.7080240977655875
Help on function get_FCI_hamiltonian in module qchemistry.qcpy:

get_FCI_hamiltonian(MSO_occ, MSO_frozen_list, MSO_active_list, Hamiltonian_0body, Hamiltonian_1body, gmo)
    input:  MSO_occ, MSO_frozen_list, MSO_active_list, 
           Hamiltonian_0body, Hamiltonian_1body, gmo
           where gmo(p,q,r,s) =  <p,q||r,s>     
    output: FCI_list, fci_ham_sparse

==================================================================================
     12-qubits: Full Hamiltonian,  no-frozen core, all  vritual MSO included
Occupied MSO:  [0, 2]
Frozen   MSO:  []
Active   MSO:  [0, 1, 2, 3]
E_HF           =  -1.116325564463243
E_FCI          =  -1.1371757102334599
E_FCI_corr     =  -0.02085014577021682
FCI_list (basis) length             :  6
#of non-zeros in sparse hamiltonian :  10
  
MP2 correlation energy:  -0.013311668818382225
MP2 total energy:        -1.1296372332816254
FCI_list = 
 [[0, 1], [0, 2], [0, 3], [1, 2], [1, 3], [2, 3]]
FCI_eigenvalues  =
 [-1.13717571 -0.53969856 -0.53969856 -0.53969856]
FCI_eigenvectors =
 [[-2.70755030e-17  8.10024284e-01  3.11514870e-02  5.85568309e-01]
 [ 9.93475180e-01 -3.20392668e-17  0.00000000e+00 -3.51764307e-18]
 [ 4.82643830e-17 -6.80596869e-03  7.06512622e-01 -2.81707849e-02]
 [-3.16134206e-17  6.80596869e-03 -7.06512622e-01  2.81707849e-02]
 [-1.14048531e-01 -3.25899695e-16  0.00000000e+00 -2.87337526e-17]
 [ 9.73580105e-18 -5.86317335e-01  2.66348178e-02  8.09643483e-01]]
==================================================================================




    SUMMARY:  

No of quibits/active MSO        :  [4.]
FCI energies, full       2nd Ham:  [-1.13717571]
FCI energies, fc reduced 2nd Ham:  [-1.13717571]
